// Jest Snapshot v1, https://goo.gl/fbAQLP

exports[`Screens Dashboard Index should match the snapshot 1`] = `"<div>Welcome to your Dashboard page<div><form action=\\"test/logout\\" style=\\"display:flex\\" method=\\"get\\"><input type=\\"text\\" name=\\"client_id\\" value=\\"1234\\" readonly=\\"\\" hidden=\\"\\"/><input type=\\"text\\" name=\\"redirect_uri\\" value=\\"test\\" readonly=\\"\\" hidden=\\"\\"/><input type=\\"text\\" name=\\"response_type\\" value=\\"token\\" readonly=\\"\\" hidden=\\"\\"/><input type=\\"text\\" name=\\"scope\\" value=\\"profile\\" readonly=\\"\\" hidden=\\"\\"/><input type=\\"text\\" name=\\"state\\" value=\\"ck4e6iku40000dknb2rktfllv\\" readonly=\\"\\" hidden=\\"\\"/><button type=\\"submit\\" style=\\"margin:0 auto\\" class=\\"ant-btn header-link header-signin\\">Sign Out</button></form></div></div>"`;
