// Jest Snapshot v1, https://goo.gl/fbAQLP

exports[`Screens Landing Index should match the snapshot 1`] = `"Welcome to the Landing Page of Corporate Affairs Commission.<div><form action=\\"test/oauth/authorize\\" style=\\"display:flex;align-items:center;justify-content:center\\" method=\\"get\\"><input type=\\"text\\" name=\\"client_id\\" value=\\"1234\\" readonly=\\"\\" hidden=\\"\\"/><input type=\\"text\\" name=\\"redirect_uri\\" value=\\"test\\" readonly=\\"\\" hidden=\\"\\"/><input type=\\"text\\" name=\\"response_type\\" value=\\"token\\" readonly=\\"\\" hidden=\\"\\"/><input type=\\"text\\" name=\\"scope\\" value=\\"profile\\" readonly=\\"\\" hidden=\\"\\"/><input type=\\"text\\" name=\\"state\\" value=\\"ck4e6ilga0000rcnbh8dzcaz1\\" readonly=\\"\\" hidden=\\"\\"/><button type=\\"submit\\">Sign In</button></form></div>"`;
